// Jest Snapshot v1, https://goo.gl/fbAQLP

exports[`Gutter lg 1`] = `
.pf-l-level.pf-m-gutter {
  display: flex;
  flex-wrap: wrap;
  align-items: center;
  justify-content: space-between;
  padding: 0px;
  margin: 0px;
}

<div
  className="pf-l-level pf-m-gutter"
/>
`;

exports[`Gutter md 1`] = `
.pf-l-level.pf-m-gutter {
  display: flex;
  flex-wrap: wrap;
  align-items: center;
  justify-content: space-between;
  padding: 0px;
  margin: 0px;
}

<div
  className="pf-l-level pf-m-gutter"
/>
`;

exports[`Gutter sm 1`] = `
.pf-l-level.pf-m-gutter {
  display: flex;
  flex-wrap: wrap;
  align-items: center;
  justify-content: space-between;
  padding: 0px;
  margin: 0px;
}

<div
  className="pf-l-level pf-m-gutter"
/>
`;

exports[`item 1`] = `
<div>
  Level Item
</div>
`;
