// Jest Snapshot v1, https://goo.gl/fbAQLP

exports[`ModalBoxCloseButton Test 1`] = `
.pf-c-modal-box__close {
  display: block;
  position: absolute;
  top: 0.5rem;
  right: 1rem;
}

<div
  className="pf-c-modal-box__close"
>
  <Button
    aria-label="Close"
    className=""
    component="button"
    isActive={false}
    isBlock={false}
    isDisabled={false}
    isFocus={false}
    isHover={false}
    onClick={[Function]}
    type="button"
    variant="plain"
  >
    <TimesIcon
      color="currentColor"
      size="sm"
      title={null}
    />
  </Button>
</div>
`;
