// Jest Snapshot v1, https://goo.gl/fbAQLP

exports[`ModalBoxBody Test 1`] = `
.pf-c-modal-box__body {
  display: block;
  padding: 0.5rem 2rem 0.5rem 2rem;
  margin-top: 2rem;
  overflow-x: hidden;
  overflow-y: auto;
  word-break: break-word;
}

<div
  className="pf-c-modal-box__body"
  id="id"
>
  This is a ModalBox header
</div>
`;
