// Jest Snapshot v1, https://goo.gl/fbAQLP

exports[`simple avatar 1`] = `
.pf-c-avatar {
  display: block;
  border-radius: 30em;
}

<img
  alt="avatar"
  className="pf-c-avatar"
  src=""
/>
`;
