// Jest Snapshot v1, https://goo.gl/fbAQLP

exports[`className is added to the root element 1`] = `"pf-l-bullseye extra-class"`;

exports[`renders with PatternFly Core styles 1`] = `
.pf-l-bullseye {
  display: flex;
  align-items: center;
  justify-content: center;
  height: 100%;
  padding: 0px;
  margin: 0px;
}

<div
  className="pf-l-bullseye"
/>
`;
